totalCount: 51971
taskIds:
  - b9cae374-c7a7-11ec-aac6-4e71d1c660e2
  - 02ec98df-c700-11ec-b513-56cda6148049
  - 02f6aace-c700-11ec-aec8-f6394e5710cf
  - 03021cba-c700-11ec-a0bf-229c080e32f1
  - 030ec5fa-c700-11ec-b513-56cda6148049
  - 0315727d-c6ff-11ec-aac6-4e71d1c660e2
  - 031f84a4-c6ff-11ec-b513-56cda6148049
  - 0328fa5e-c6ff-11ec-8111-aef8bcdca3c3
  - 033253bc-c700-11ec-a0bf-229c080e32f1
  - 0333d08a-c6ff-11ec-aec8-f6394e5710cf
  - 033ef392-c6ff-11ec-b513-56cda6148049
  - 03a6120b-c702-11ec-aac6-4e71d1c660e2
  - 03ae9e28-c702-11ec-8111-aef8bcdca3c3
  - 03bb20b6-c702-11ec-aac6-4e71d1c660e2
  - 03c66bf3-c702-11ec-8111-aef8bcdca3c3
  - 03da41ad-c702-11ec-aec8-f6394e5710cf
  - 03e6ec25-c702-11ec-aac6-4e71d1c660e2
  - 03ef5016-c702-11ec-8111-aef8bcdca3c3
  - 03f18fd4-c701-11ec-b513-56cda6148049
  - 03fb7ab8-c701-11ec-a0bf-229c080e32f1
  - 03ff0810-c702-11ec-aac6-4e71d1c660e2
  - 0407fd95-c701-11ec-aac6-4e71d1c660e2
  - 0410899d-c701-11ec-b513-56cda6148049
  - 04129a9c-c703-11ec-aac6-4e71d1c660e2
  - 041b5f48-c701-11ec-8111-aef8bcdca3c3